Microchip MPLAB XC8 Compiler V3.00

Linker command line:

-W-3 \
  --edf=C:\Program Files\Microchip\xc8\v3.00\pic\dat\20241204225717_en.msgs \
  -pivt0x4008=04008h -cn -h+dist/default/debug\ADC.X.debug.sym \
  --cmf=dist/default/debug\ADC.X.debug.cmf -z -Q18F47K42 \
  -oC:\Users\osval\AppData\Local\Temp\xcAs106c.\driver_tmp_3.o \
  --defsym=__MPLAB_BUILD=1 --fixupoverflow=error \
  -Mdist/default/debug/ADC.X.debug.map \
  --md=C:\Users\osval\AppData\Local\Temp\xcAs106c.\driver_tmp_0.dat -E1 \
  -ver=XC8 Compiler -ACODE=00h-01FFFFh -ACONST=00h-01FFFFh \
  -ASMALLCONST=02000h-020FFhx224,012000h-0120FFhx224 \
  -AMEDIUMCONST=02000h-0FFFFh,012000h-01FFFFh -ACOMRAM=01h-05Fh \
  -AABS1=00h-01FFFh -ABIGRAM=01h-01FFFh -ARAM=060h-0FFh,0100h-01FFhx31 \
  -ABANK0=060h-0FFh -ABANK1=0100h-01FFh -ABANK2=0200h-02FFh \
  -ABANK3=0300h-03FFh -ABANK4=0400h-04FFh -ABANK5=0500h-05FFh \
  -ABANK6=0600h-06FFh -ABANK7=0700h-07FFh -ABANK8=0800h-08FFh \
  -ABANK9=0900h-09FFh -ABANK10=0A00h-0AFFh -ABANK11=0B00h-0BFFh \
  -ABANK12=0C00h-0CFFh -ABANK13=0D00h-0DFFh -ABANK14=0E00h-0EFFh \
  -ABANK15=0F00h-0FFFh -ABANK16=01000h-010FFh -ABANK17=01100h-011FFh \
  -ABANK18=01200h-012FFh -ABANK19=01300h-013FFh -ABANK20=01400h-014FFh \
  -ABANK21=01500h-015FFh -ABANK22=01600h-016FFh -ABANK23=01700h-017FFh \
  -ABANK24=01800h-018FFh -ABANK25=01900h-019FFh -ABANK26=01A00h-01AFFh \
  -ABANK27=01B00h-01BFFh -ABANK28=01C00h-01CFFh -ABANK29=01D00h-01DFFh \
  -ABANK30=01E00h-01EFFh -ABANK31=01F00h-01FFFh \
  -ASFR=03800h-038FFhx7,03F00h-03F5Fh,03F60h-03FFFh -ABIGSFR=03800h-03FFFh \
  -ACONFIG=0300000h-0300009h -AIDLOC=0200000h-020000Fh \
  -AEEDATA=0310000h-03103FFh -peeprom_data=EEDATA -preset_vec=00h \
  -ppowerup=CODE,init -pramtop=02000h -psmallconst=SMALLCONST \
  -pmediumconst=MEDIUMCONST -pconst=CONST -AFARRAM=00h-00h \
  -prdata=COMRAM,nvrram=COMRAM,nvbit=COMRAM,rbss=COMRAM,rbit=COMRAM \
  -pfarbss=FARRAM,fardata=FARRAM,nvFARRAM=FARRAM \
  -pintsave_regs=BIGRAM,bigbss=BIGRAM,bigdata=BIGRAM -pbss=RAM \
  -pidata=CODE,irdata=CODE,ibigdata=CODE,ifardata=CODE -prparam=COMRAM \
  C:\Users\osval\AppData\Local\Temp\xcAs106c.\driver_tmp_14.o \
  dist/default/debug\ADC.X.debug.o 

Object code version is 3.11

Machine type is 18F47K42



                Name                               Link     Load   Length Selector   Space Scale
C:\Users\osval\AppData\Local\Temp\xcAs106c.\driver_tmp_14.o
                config                           300000   300000        A        0       4
                init                               40AE     40AE        4     2004       0
                reset_vec                             0        0        4        0       0
dist/default/debug\ADC.X.debug.o
                config                           300000   300000        A        0       4
                smallconst                         2000     2000       12     1000       0
                ivt0x4008                          4008     4008       A6     2004       0
                text34                             62EC     62EC       70     18BB       0
                text33                             6768     6768       28     18BB       0
                text32                             67CC     67CC       1A     18BB       0
                text31                             64D4     64D4       4A     18BB       0
                text30                             67AE     67AE       1E     18BB       0
                text29                             67E6     67E6        8     18BB       0
                text28                             673E     673E       2A     18BB       0
                text27                             6790     6790       1E     18BB       0
                text26                             6714     6714       2A     18BB       0
                text25                             6632     6632       3C     18BB       0
                text24                             5B4E     5B4E      1B4     2004       0
                text23                             5398     5398      390     2004       0
                text22                             6240     6240       AA     2004       0
                text21                             5E08     5E08      104     2004       0
                text20                             4F4E     4F4E      44A     2004       0
                text19                             66A6     66A6       38     18BB       0
                text18                             4A98     4A98      4B6     2004       0
                text17                             65AC     65AC       46     18BB       0
                text16                             5D02     5D02      106     2004       0
                text15                             5F0C     5F0C       FE     2004       0
                text14                             593C     593C      212     2004       0
                text13                             647E     647E       56     18BB       0
                text12                             6424     6424       5A     18BB       0
                text11                             67EE     67EE        2     18BB       0
                text10                             6194     6194       AC     2004       0
                text9                              65F2     65F2       40     18BB       0
                text8                              635C     635C       66     18BB       0
                text7                              6566     6566       46     18BB       0
                text6                              40B2     40B2      9E6     2004       0
                text5                              60DC     60DC       B8     2004       0
                text4                              5728     5728      214     2004       0
                text3                              651E     651E       48     18BB       0
                text2                              666E     666E       38     18BB       0
                text1                              63C2     63C2       62     18BB       0
                text0                              600A     600A       D2     2004       0
                cstackCOMRAM                          1        1       49        1       1
                cstackBANK0                          60       60       44       60       1
                bssBANK1                            100      100       50      100       1
                bssBANK0                             A4       A4       1A       60       1
                bssCOMRAM                            4A       4A        B        1       1
                cinit                              66DE     66DE       36     18BB       0

TOTAL           Name                               Link     Load   Length     Space
        CLASS   CODE           
                init                               40AE     40AE        4         0
                reset_vec                             0        0        4         0
                ivt0x4008                          4008     4008       A6         0
                text34                             62EC     62EC       70         0
                text33                             6768     6768       28         0
                text32                             67CC     67CC       1A         0
                text31                             64D4     64D4       4A         0
                text30                             67AE     67AE       1E         0
                text29                             67E6     67E6        8         0
                text28                             673E     673E       2A         0
                text27                             6790     6790       1E         0
                text26                             6714     6714       2A         0
                text25                             6632     6632       3C         0
                text24                             5B4E     5B4E      1B4         0
                text23                             5398     5398      390         0
                text22                             6240     6240       AA         0
                text21                             5E08     5E08      104         0
                text20                             4F4E     4F4E      44A         0
                text19                             66A6     66A6       38         0
                text18                             4A98     4A98      4B6         0
                text17                             65AC     65AC       46         0
                text16                             5D02     5D02      106         0
                text15                             5F0C     5F0C       FE         0
                text14                             593C     593C      212         0
                text13                             647E     647E       56         0
                text12                             6424     6424       5A         0
                text11                             67EE     67EE        2         0
                text10                             6194     6194       AC         0
                text9                              65F2     65F2       40         0
                text8                              635C     635C       66         0
                text7                              6566     6566       46         0
                text6                              40B2     40B2      9E6         0
                text5                              60DC     60DC       B8         0
                text4                              5728     5728      214         0
                text3                              651E     651E       48         0
                text2                              666E     666E       38         0
                text1                              63C2     63C2       62         0
                text0                              600A     600A       D2         0
                cinit                              66DE     66DE       36         0

        CLASS   CONST          

        CLASS   SMALLCONST     
                smallconst                         2000     2000       12         0

        CLASS   MEDIUMCONST    

        CLASS   COMRAM         
                cstackCOMRAM                          1        1       49         1
                bssCOMRAM                            4A       4A        B         1

        CLASS   ABS1           

        CLASS   BIGRAM         

        CLASS   RAM            

        CLASS   BANK0          
                cstackBANK0                          60       60       44         1
                bssBANK0                             A4       A4       1A         1

        CLASS   BANK1          
                bssBANK1                            100      100       50         1

        CLASS   BANK2          

        CLASS   BANK3          

        CLASS   BANK4          

        CLASS   BANK5          

        CLASS   BANK6          

        CLASS   BANK7          

        CLASS   BANK8          

        CLASS   BANK9          

        CLASS   BANK10         

        CLASS   BANK11         

        CLASS   BANK12         

        CLASS   BANK13         

        CLASS   BANK14         

        CLASS   BANK15         

        CLASS   BANK16         

        CLASS   BANK17         

        CLASS   BANK18         

        CLASS   BANK19         

        CLASS   BANK20         

        CLASS   BANK21         

        CLASS   BANK22         

        CLASS   BANK23         

        CLASS   BANK24         

        CLASS   BANK25         

        CLASS   BANK26         

        CLASS   BANK27         

        CLASS   BANK28         

        CLASS   BANK29         

        CLASS   BANK30         

        CLASS   BANK31         

        CLASS   SFR            

        CLASS   BIGSFR         

        CLASS   CONFIG         
                config                           300000   300000        A         4

        CLASS   IDLOC          

        CLASS   EEDATA         

        CLASS   FARRAM         

        CLASS   HEAP           

        CLASS   STACK          



SEGMENTS        Name                           Load    Length   Top    Selector   Space  Class

                reset_vec                      000000  000004  000004         0       0  CODE    
                cstackCOMRAM                   000001  000054  000055         1       1  COMRAM  
                cstackBANK0                    000060  00005E  0000BE        60       1  BANK0   
                bssBANK1                       000100  000050  000150       100       1  BANK1   
                smallconst                     002000  000012  002012      1000       0  SMALLCON
                ivt0x4008                      004008  0022E2  0062EA      2004       0  CODE    
                text34                         0062EC  000504  0067F0      18BB       0  CODE    


UNUSED ADDRESS RANGES

        Name                Unused          Largest block    Delta
        BANK0            0000BE-0000FF               42
        BANK1            000150-0001FF               B0
        BANK10           000A00-000AFF              100
        BANK11           000B00-000BFF              100
        BANK12           000C00-000CFF              100
        BANK13           000D00-000DFF              100
        BANK14           000E00-000EFF              100
        BANK15           000F00-000FFF              100
        BANK16           001000-0010FF              100
        BANK17           001100-0011FF              100
        BANK18           001200-0012FF              100
        BANK19           001300-0013FF              100
        BANK2            000200-0002FF              100
        BANK20           001400-0014FF              100
        BANK21           001500-0015FF              100
        BANK22           001600-0016FF              100
        BANK23           001700-0017FF              100
        BANK24           001800-0018FF              100
        BANK25           001900-0019FF              100
        BANK26           001A00-001AFF              100
        BANK27           001B00-001BFF              100
        BANK28           001C00-001CFF              100
        BANK29           001D00-001DFF              100
        BANK3            000300-0003FF              100
        BANK30           001E00-001EFF              100
        BANK31           001F00-001FFF              100
        BANK4            000400-0004FF              100
        BANK5            000500-0005FF              100
        BANK6            000600-0006FF              100
        BANK7            000700-0007FF              100
        BANK8            000800-0008FF              100
        BANK9            000900-0009FF              100
        BIGRAM           000055-00005F                B
                         0000BE-0000FF               42
                         000150-001FFF             1EB0
        BIGSFR           003800-003FFF              800
        CODE             000004-001FFF             1FFC
                         002012-004007             1FF6
                         0062EA-0062EB                2
                         0067F0-01FFFF            19810
        COMRAM           000055-00005F                B
        CONST            000004-001FFF             1FFC
                         002012-004007             1FF6
                         0062EA-0062EB                2
                         0067F0-01FFFF            19810
        EEDATA           310000-3103FF              400
        IDLOC            200000-20000F               10
        MEDIUMCONST      002012-004007             1FF6
                         0062EA-0062EB                2
                         0067F0-00FFFF             9810
                         012000-01FFFF             E000
        RAM              0000BE-0000FF               42
                         000150-001FFF              100
        SFR              003800-003FFF              100
        SMALLCONST       002012-004007              100
                         0062EA-0062EB                2
                         0067F0-00FFFF              100
                         012000-01FFFF              100

                                  Symbol Table

?___fladd                     cstackCOMRAM 000005
?___fldiv                     cstackCOMRAM 000005
?___flmul                     cstackCOMRAM 000013
?___flneg                     cstackCOMRAM 000005
?___flsub                     cstackCOMRAM 00002C
?___fltol                     cstackCOMRAM 000005
?___fpclassifyf               cstackCOMRAM 000005
?___xxtofl                    cstackCOMRAM 000005
?_floorf                      cstackCOMRAM 00001E
?_labs                        cstackCOMRAM 000005
?_read_prec_or_width          cstackCOMRAM 000005
?_sprintf                     cstackBANK0  000092
?_vfprintf                    cstackBANK0  00008F
IOC_ISR@k                     cstackCOMRAM 000003
IVTBASEH                      (abs)        003FD6
IVTBASEL                      (abs)        003FD5
IVTBASEU                      (abs)        003FD7
LCD_Char@dat                  cstackCOMRAM 00000B
LCD_Command@cmd               cstackCOMRAM 00000B
LCD_String@msg                cstackCOMRAM 00000C
LCD_String_xy@location        cstackCOMRAM 000010
LCD_String_xy@msg             cstackCOMRAM 00000E
LCD_String_xy@pos             cstackCOMRAM 00000D
LCD_String_xy@row             cstackCOMRAM 00000F
MSdelay@i                     cstackCOMRAM 000007
MSdelay@j                     cstackCOMRAM 000009
MSdelay@val                   cstackCOMRAM 000005
_ADACQH                       (abs)        003EF4
_ADACQL                       (abs)        003EF3
_ADCLK                        (abs)        003EFF
_ADCON0bits                   (abs)        003EF8
_ADC_Init                     text33       006768
_ADPCH                        (abs)        003EF1
_ADPREH                       (abs)        003EF7
_ADPREL                       (abs)        003EF6
_ADRESH                       (abs)        003EF0
_ADRESL                       (abs)        003EEF
_ANSELAbits                   (abs)        003A40
_ANSELCbits                   (abs)        003A60
_INTCON0bits                  (abs)        003FD2
_INTERRUPT_Initialize         text32       0067CC
_IOCCFbits                    (abs)        003A67
_IOCCNbits                    (abs)        003A66
_IOCCPbits                    (abs)        003A65
_IOC_ISR                      text34       0062EC
_LATB                         (abs)        003FBB
_LATDbits                     (abs)        003FBD
_LCD_Char                     text27       006790
_LCD_Clear                    text29       0067E6
_LCD_Command                  text30       0067AE
_LCD_Init                     text28       00673E
_LCD_String                   text26       006714
_LCD_String_xy                text25       006632
_MSdelay                      text31       0064D4
_PIE0bits                     (abs)        003990
_PIR0bits                     (abs)        0039A0
_PORTDbits                    (abs)        003FCD
_TRISAbits                    (abs)        003FC2
_TRISB                        (abs)        003FC3
_TRISCbits                    (abs)        003FC4
_TRISD                        (abs)        003FC5
__HRAM                        (abs)        000000
__H__absolute__               __absolute__ 000000
__Habs1                       abs1         000000
__Hbank0                      bank0        000000
__Hbank1                      bank1        000000
__Hbank10                     bank10       000000
__Hbank11                     bank11       000000
__Hbank12                     bank12       000000
__Hbank13                     bank13       000000
__Hbank14                     bank14       000000
__Hbank15                     bank15       000000
__Hbank16                     bank16       000000
__Hbank17                     bank17       000000
__Hbank18                     bank18       000000
__Hbank19                     bank19       000000
__Hbank2                      bank2        000000
__Hbank20                     bank20       000000
__Hbank21                     bank21       000000
__Hbank22                     bank22       000000
__Hbank23                     bank23       000000
__Hbank24                     bank24       000000
__Hbank25                     bank25       000000
__Hbank26                     bank26       000000
__Hbank27                     bank27       000000
__Hbank28                     bank28       000000
__Hbank29                     bank29       000000
__Hbank3                      bank3        000000
__Hbank30                     bank30       000000
__Hbank31                     bank31       000000
__Hbank4                      bank4        000000
__Hbank5                      bank5        000000
__Hbank6                      bank6        000000
__Hbank7                      bank7        000000
__Hbank8                      bank8        000000
__Hbank9                      bank9        000000
__Hbigbss                     bigbss       000000
__Hbigdata                    bigdata      000000
__Hbigram                     bigram       000000
__Hbigsfr                     bigsfr       000000
__Hbss                        bss          000000
__HbssBANK0                   bssBANK0     000000
__HbssBANK1                   bssBANK1     000000
__HbssCOMRAM                  bssCOMRAM    000000
__Hcinit                      cinit        000000
__Hclrtext                    clrtext      000000
__Hcomram                     comram       000000
__Hconfig                     config       30000A
__Hconst                      const        000000
__HcstackBANK0                cstackBANK0  000000
__HcstackCOMRAM               cstackCOMRAM 000000
__Hdata                       data         000000
__Heeprom_data                eeprom_data  000000
__Hfarbss                     farbss       000000
__Hfardata                    fardata      000000
__Hheap                       heap         000000
__Hibigdata                   ibigdata     000000
__Hidata                      idata        000000
__Hidloc                      idloc        000000
__Hifardata                   ifardata     000000
__Hinit                       init         0040B2
__Hintsave_regs               intsave_regs 000000
__Hirdata                     irdata       000000
__Hivt0x4008                  ivt0x4008    0040AE
__Hmediumconst                mediumconst  000000
__HnvFARRAM                   nvFARRAM     000000
__Hnvbit                      nvbit        000000
__Hnvrram                     nvrram       000000
__Hparam                      rparam       000000
__Hpowerup                    powerup      000000
__Hram                        ram          000000
__Hramtop                     ramtop       002000
__Hrbit                       rbit         000000
__Hrbss                       rbss         000000
__Hrdata                      rdata        000000
__Hreset_vec                  reset_vec    000004
__Hrparam                     rparam       000000
__Hsfr                        sfr          000000
__Hsmallconst                 smallconst   002012
__Hspace_0                    (abs)        0067F0
__Hspace_1                    (abs)        000150
__Hspace_2                    (abs)        000000
__Hspace_4                    (abs)        60000A
__Hstack                      stack        000000
__Hstruct                     struct       000000
__Htemp                       temp         000000
__Htext                       text         000000
__Htext0                      text0        000000
__Htext1                      text1        000000
__Htext10                     text10       000000
__Htext11                     text11       000000
__Htext12                     text12       000000
__Htext13                     text13       000000
__Htext14                     text14       000000
__Htext15                     text15       000000
__Htext16                     text16       000000
__Htext17                     text17       000000
__Htext18                     text18       000000
__Htext19                     text19       000000
__Htext2                      text2        000000
__Htext20                     text20       000000
__Htext21                     text21       000000
__Htext22                     text22       000000
__Htext23                     text23       000000
__Htext24                     text24       000000
__Htext25                     text25       000000
__Htext26                     text26       000000
__Htext27                     text27       000000
__Htext28                     text28       000000
__Htext29                     text29       000000
__Htext3                      text3        000000
__Htext30                     text30       000000
__Htext31                     text31       000000
__Htext32                     text32       000000
__Htext33                     text33       000000
__Htext34                     text34       000000
__Htext4                      text4        000000
__Htext5                      text5        000000
__Htext6                      text6        000000
__Htext7                      text7        000000
__Htext8                      text8        000000
__Htext9                      text9        000000
__LRAM                        (abs)        000001
__L__absolute__               __absolute__ 000000
__Labs1                       abs1         000000
__Lbank0                      bank0        000000
__Lbank1                      bank1        000000
__Lbank10                     bank10       000000
__Lbank11                     bank11       000000
__Lbank12                     bank12       000000
__Lbank13                     bank13       000000
__Lbank14                     bank14       000000
__Lbank15                     bank15       000000
__Lbank16                     bank16       000000
__Lbank17                     bank17       000000
__Lbank18                     bank18       000000
__Lbank19                     bank19       000000
__Lbank2                      bank2        000000
__Lbank20                     bank20       000000
__Lbank21                     bank21       000000
__Lbank22                     bank22       000000
__Lbank23                     bank23       000000
__Lbank24                     bank24       000000
__Lbank25                     bank25       000000
__Lbank26                     bank26       000000
__Lbank27                     bank27       000000
__Lbank28                     bank28       000000
__Lbank29                     bank29       000000
__Lbank3                      bank3        000000
__Lbank30                     bank30       000000
__Lbank31                     bank31       000000
__Lbank4                      bank4        000000
__Lbank5                      bank5        000000
__Lbank6                      bank6        000000
__Lbank7                      bank7        000000
__Lbank8                      bank8        000000
__Lbank9                      bank9        000000
__Lbigbss                     bigbss       000000
__Lbigdata                    bigdata      000000
__Lbigram                     bigram       000000
__Lbigsfr                     bigsfr       000000
__Lbss                        bss          000000
__LbssBANK0                   bssBANK0     000000
__LbssBANK1                   bssBANK1     000000
__LbssCOMRAM                  bssCOMRAM    000000
__Lcinit                      cinit        000000
__Lclrtext                    clrtext      000000
__Lcomram                     comram       000000
__Lconfig                     config       000000
__Lconst                      const        000000
__LcstackBANK0                cstackBANK0  000000
__LcstackCOMRAM               cstackCOMRAM 000000
__Ldata                       data         000000
__Leeprom_data                eeprom_data  000000
__Lfarbss                     farbss       000000
__Lfardata                    fardata      000000
__Lheap                       heap         000000
__Libigdata                   ibigdata     000000
__Lidata                      idata        000000
__Lidloc                      idloc        000000
__Lifardata                   ifardata     000000
__Linit                       init         0040AE
__Lintsave_regs               intsave_regs 000000
__Lirdata                     irdata       000000
__Livt0x4008                  ivt0x4008    004008
__Lmediumconst                mediumconst  000000
__LnvFARRAM                   nvFARRAM     000000
__Lnvbit                      nvbit        000000
__Lnvrram                     nvrram       000000
__Lparam                      rparam       000000
__Lpowerup                    powerup      000000
__Lram                        ram          000000
__Lramtop                     ramtop       002000
__Lrbit                       rbit         000000
__Lrbss                       rbss         000000
__Lrdata                      rdata        000000
__Lreset_vec                  reset_vec    000000
__Lrparam                     rparam       000000
__Lsfr                        sfr          000000
__Lsmallconst                 smallconst   002000
__Lspace_0                    (abs)        000000
__Lspace_1                    (abs)        000000
__Lspace_2                    (abs)        000000
__Lspace_4                    (abs)        000000
__Lstack                      stack        000000
__Lstruct                     struct       000000
__Ltemp                       temp         000000
__Ltext                       text         000000
__Ltext0                      text0        000000
__Ltext1                      text1        000000
__Ltext10                     text10       000000
__Ltext11                     text11       000000
__Ltext12                     text12       000000
__Ltext13                     text13       000000
__Ltext14                     text14       000000
__Ltext15                     text15       000000
__Ltext16                     text16       000000
__Ltext17                     text17       000000
__Ltext18                     text18       000000
__Ltext19                     text19       000000
__Ltext2                      text2        000000
__Ltext20                     text20       000000
__Ltext21                     text21       000000
__Ltext22                     text22       000000
__Ltext23                     text23       000000
__Ltext24                     text24       000000
__Ltext25                     text25       000000
__Ltext26                     text26       000000
__Ltext27                     text27       000000
__Ltext28                     text28       000000
__Ltext29                     text29       000000
__Ltext3                      text3        000000
__Ltext30                     text30       000000
__Ltext31                     text31       000000
__Ltext32                     text32       000000
__Ltext33                     text33       000000
__Ltext34                     text34       000000
__Ltext4                      text4        000000
__Ltext5                      text5        000000
__Ltext6                      text6        000000
__Ltext7                      text7        000000
__Ltext8                      text8        000000
__Ltext9                      text9        000000
__S0                          (abs)        0067F0
__S1                          (abs)        000150
__S4                          (abs)        000000
__S5                          (abs)        000000
___fladd                      text18       004A98
___fladd@a                    cstackCOMRAM 000009
___fladd@aexp                 cstackCOMRAM 000012
___fladd@b                    cstackCOMRAM 000005
___fladd@bexp                 cstackCOMRAM 000013
___fladd@grs                  cstackCOMRAM 000014
___fladd@signs                cstackCOMRAM 000011
___fldiv                      text23       005398
___fldiv@a                    cstackCOMRAM 000009
___fldiv@aexp                 cstackCOMRAM 00001D
___fldiv@b                    cstackCOMRAM 000005
___fldiv@bexp                 cstackCOMRAM 00001C
___fldiv@grs                  cstackCOMRAM 000018
___fldiv@new_exp              cstackCOMRAM 000016
___fldiv@rem                  cstackCOMRAM 000011
___fldiv@sign                 cstackCOMRAM 000015
___fleq                       text22       006240
___fleq@ff1                   cstackCOMRAM 000005
___fleq@ff2                   cstackCOMRAM 000009
___flge                       text21       005E08
___flge@ff1                   cstackCOMRAM 00002C
___flge@ff2                   cstackCOMRAM 000030
___flmul                      text20       004F4E
___flmul@a                    cstackCOMRAM 000017
___flmul@aexp                 cstackCOMRAM 000020
___flmul@b                    cstackCOMRAM 000013
___flmul@bexp                 cstackCOMRAM 000025
___flmul@grs                  cstackCOMRAM 000021
___flmul@prod                 cstackCOMRAM 000026
___flmul@sign                 cstackCOMRAM 00001F
___flmul@temp                 cstackCOMRAM 00002A
___flneg                      text19       0066A6
___flneg@f1                   cstackCOMRAM 000005
___flsub                      text17       0065AC
___flsub@a                    cstackCOMRAM 000030
___flsub@b                    cstackCOMRAM 00002C
___fltol                      text16       005D02
___fltol@exp1                 cstackCOMRAM 00000E
___fltol@f1                   cstackCOMRAM 000005
___fltol@sign1                cstackCOMRAM 00000D
___fpclassifyf                text15       005F0C
___fpclassifyf@F465           bssCOMRAM    00004A
___fpclassifyf@e              cstackCOMRAM 00000D
___fpclassifyf@u              cstackCOMRAM 00000F
___fpclassifyf@x              cstackCOMRAM 000005
___heap_hi                    (abs)        000000
___heap_lo                    (abs)        000000
___inthi_sp                   stack        000000
___inthi_stack_hi             stack        000000
___inthi_stack_lo             stack        000000
___intlo_sp                   stack        000000
___intlo_stack_hi             stack        000000
___intlo_stack_lo             stack        000000
___param_bank                 (abs)        000000
___rparam_used                (abs)        000001
___sp                         stack        000000
___stack_hi                   stack        000000
___stack_lo                   stack        000000
___xxtofl                     text24       005B4E
___xxtofl@arg                 cstackCOMRAM 00000F
___xxtofl@exp                 cstackCOMRAM 00000E
___xxtofl@sign                cstackCOMRAM 00000D
___xxtofl@val                 cstackCOMRAM 000005
__accesstop                   (abs)        000060
__activetblptr                (abs)        000003
__end_of_ADC_Init             text33       006790
__end_of_INTERRUPT_Initialize text32       0067E6
__end_of_IOC_ISR              text34       00635C
__end_of_LCD_Char             text27       0067AE
__end_of_LCD_Clear            text29       0067EE
__end_of_LCD_Command          text30       0067CC
__end_of_LCD_Init             text28       006768
__end_of_LCD_String           text26       00673E
__end_of_LCD_String_xy        text25       00666E
__end_of_MSdelay              text31       00651E
__end_of___fladd              text18       004F4E
__end_of___fldiv              text23       005728
__end_of___fleq               text22       0062EA
__end_of___flge               text21       005F0C
__end_of___flmul              text20       005398
__end_of___flneg              text19       0066DE
__end_of___flsub              text17       0065F2
__end_of___fltol              text16       005E08
__end_of___fpclassifyf        text15       00600A
__end_of___xxtofl             text24       005D02
__end_of__initialization      cinit        00670E
__end_of_efgtoa               text6        004A98
__end_of_floorf               text14       005B4E
__end_of_fputc                text10       006240
__end_of_fputs                text9        006632
__end_of_labs                 text13       0064D4
__end_of_main                 text0        0060DC
__end_of_memcpy               text12       00647E
__end_of_pad                  text8        0063C2
__end_of_putch                text11       0067F0
__end_of_read_prec_or_width   text5        006194
__end_of_sprintf              text2        0066A6
__end_of_strcat               text1        006424
__end_of_strcpy               text7        0065AC
__end_of_vfpfcnvrt            text4        00593C
__end_of_vfprintf             text3        006566
__initialization              cinit        0066DE
__mediumconst                 smallconst   002000
__pbssBANK0                   bssBANK0     0000A4
__pbssBANK1                   bssBANK1     000100
__pbssCOMRAM                  bssCOMRAM    00004A
__pcinit                      cinit        0066DE
__pcstackBANK0                cstackBANK0  000060
__pcstackCOMRAM               cstackCOMRAM 000001
__pivt0x4008                  ivt0x4008    004008
__psmallconst                 smallconst   002000
__ptext0                      text0        00600A
__ptext1                      text1        0063C2
__ptext10                     text10       006194
__ptext11                     text11       0067EE
__ptext12                     text12       006424
__ptext13                     text13       00647E
__ptext14                     text14       00593C
__ptext15                     text15       005F0C
__ptext16                     text16       005D02
__ptext17                     text17       0065AC
__ptext18                     text18       004A98
__ptext19                     text19       0066A6
__ptext2                      text2        00666E
__ptext20                     text20       004F4E
__ptext21                     text21       005E08
__ptext22                     text22       006240
__ptext23                     text23       005398
__ptext24                     text24       005B4E
__ptext25                     text25       006632
__ptext26                     text26       006714
__ptext27                     text27       006790
__ptext28                     text28       00673E
__ptext29                     text29       0067E6
__ptext3                      text3        00651E
__ptext30                     text30       0067AE
__ptext31                     text31       0064D4
__ptext32                     text32       0067CC
__ptext33                     text33       006768
__ptext34                     text34       0062EC
__ptext4                      text4        005728
__ptext5                      text5        0060DC
__ptext6                      text6        0040B2
__ptext7                      text7        006566
__ptext8                      text8        00635C
__ptext9                      text9        0065F2
__ramtop                      ramtop       002000
__smallconst                  smallconst   002000
_data                         bssBANK0     0000B4
_dbuf                         bssBANK1     000100
_digital                      bssCOMRAM    000052
_efgtoa                       text6        0040B2
_efgtoa$1114                  cstackBANK0  000066
_flags                        bssCOMRAM    000054
_floorf                       text14       00593C
_fputc                        text10       006194
_fputs                        text9        0065F2
_labs                         text13       00647E
_lux_value                    bssBANK0     0000A8
_main                         text0        00600A
_memcpy                       text12       006424
_pad                          text8        00635C
_prec                         bssBANK0     0000B2
_putch                        text11       0067EE
_read_prec_or_width           text5        0060DC
_result                       bssBANK0     0000AC
_sprintf                      text2        00666E
_strcat                       text1        0063C2
_strcpy                       text7        006566
_vfpfcnvrt                    text4        005728
_vfprintf                     text3        00651E
_voltage                      bssCOMRAM    00004E
_width                        bssBANK0     0000B0
efgtoa@c                      cstackCOMRAM 00003D
efgtoa@d                      cstackBANK0  00006B
efgtoa@e                      cstackBANK0  00006F
efgtoa@f                      cstackCOMRAM 000039
efgtoa@fp                     cstackCOMRAM 000038
efgtoa@g                      cstackBANK0  000082
efgtoa@h                      cstackBANK0  000079
efgtoa@i                      cstackBANK0  000077
efgtoa@l                      cstackBANK0  00007D
efgtoa@m                      cstackBANK0  00006D
efgtoa@mode                   cstackBANK0  000069
efgtoa@n                      cstackBANK0  000086
efgtoa@ne                     cstackBANK0  000060
efgtoa@nmode                  cstackBANK0  00006A
efgtoa@ou                     cstackBANK0  000073
efgtoa@p                      cstackBANK0  000062
efgtoa@pp                     cstackBANK0  000068
efgtoa@sign                   cstackBANK0  000081
efgtoa@t                      cstackBANK0  000064
efgtoa@u                      cstackBANK0  000088
efgtoa@w                      cstackBANK0  000071
end_of_initialization         cinit        00670E
floorf@F521                   bssBANK0     0000A4
floorf@e                      cstackCOMRAM 00002C
floorf@m                      cstackCOMRAM 000028
floorf@u                      cstackCOMRAM 00002E
floorf@x                      cstackCOMRAM 00001E
fputc@c                       cstackCOMRAM 000005
fputc@fp                      cstackCOMRAM 000007
fputs@c                       cstackCOMRAM 000010
fputs@fp                      cstackCOMRAM 00000F
fputs@i                       cstackCOMRAM 000011
fputs@s                       cstackCOMRAM 00000D
intlevel0                     text         000000
intlevel1                     text         000000
intlevel2                     text         000000
intlevel3                     text         000000
isa$std                       (abs)        000001
isa$xinst                     (abs)        000000
ivt0x4008_base                ivt0x4008    004008
ivt0x4008_undefint            ivt0x4008    0040AC
labs@a                        cstackCOMRAM 000005
memcpy@d                      cstackCOMRAM 00000C
memcpy@d1                     cstackCOMRAM 000005
memcpy@n                      cstackCOMRAM 000009
memcpy@s                      cstackCOMRAM 00000E
memcpy@s1                     cstackCOMRAM 000007
memcpy@tmp                    cstackCOMRAM 00000B
pad@buf                       cstackCOMRAM 000014
pad@fp                        cstackCOMRAM 000013
pad@i                         cstackCOMRAM 000019
pad@p                         cstackCOMRAM 000016
read_prec_or_width@ap         cstackCOMRAM 000006
read_prec_or_width@c          cstackCOMRAM 000009
read_prec_or_width@fmt        cstackCOMRAM 000005
read_prec_or_width@n          cstackCOMRAM 00000A
sprintf@ap                    cstackBANK0  000098
sprintf@f                     cstackBANK0  000099
sprintf@fmt                   cstackBANK0  000093
sprintf@s                     cstackBANK0  000092
stackhi                       (abs)        000000
stacklo                       (abs)        000000
start                         init         0040AE
start_initialization          cinit        0066DE
strcat@dest                   cstackCOMRAM 000005
strcat@i                      cstackCOMRAM 000007
strcat@src                    cstackCOMRAM 000006
strcpy@d                      cstackCOMRAM 000009
strcpy@dest                   cstackCOMRAM 000005
strcpy@src                    cstackCOMRAM 000007
vfpfcnvrt@ap                  cstackBANK0  00008E
vfpfcnvrt@c                   cstackCOMRAM 000045
vfpfcnvrt@convarg             cstackCOMRAM 000041
vfpfcnvrt@cp                  cstackCOMRAM 000046
vfpfcnvrt@fmt                 cstackBANK0  00008D
vfpfcnvrt@fp                  cstackBANK0  00008C
vfprintf@ap                   cstackBANK0  000091
vfprintf@cfmt                 cstackCOMRAM 000047
vfprintf@fmt                  cstackBANK0  000090
vfprintf@fp                   cstackBANK0  00008F


MODULE INFORMATION

Module		Function		Class		Link	Load	Size
C:\Program Files\Microchip\xc8\v3.00\pic\sources\c99\common\flge.c
		___flge        		CODE           	5E08	0000	260

C:\Program Files\Microchip\xc8\v3.00\pic\sources\c99\common\flge.c estimated size: 260

C:\Program Files\Microchip\xc8\v3.00\pic\sources\c99\common\nf_fputc.c
		_fputc         		CODE           	6194	0000	172

C:\Program Files\Microchip\xc8\v3.00\pic\sources\c99\common\nf_fputc.c estimated size: 172

Adccode.c
		_main          		CODE           	600A	0000	210

Adccode.c estimated size: 210

./init.h
		_LCD_Init      		CODE           	673E	0000	42
		_INTERRUPT_Initialize		CODE           	67CC	0000	26
		_ADC_Init      		CODE           	6768	0000	40

./init.h estimated size: 108

C:\Program Files\Microchip\xc8\v3.00\pic\sources\c99\common\memcpy.c
		_memcpy        		CODE           	6424	0000	90

C:\Program Files\Microchip\xc8\v3.00\pic\sources\c99\common\memcpy.c estimated size: 90

C:\Program Files\Microchip\xc8\v3.00\pic\sources\c99\common\flneg.c
		___flneg       		CODE           	66A6	0000	56

C:\Program Files\Microchip\xc8\v3.00\pic\sources\c99\common\flneg.c estimated size: 56

C:\Program Files\Microchip\xc8\v3.00\pic\sources\c99\common\__fpclassifyf.c
		___fpclassifyf 		CODE           	5F0C	0000	254

C:\Program Files\Microchip\xc8\v3.00\pic\sources\c99\common\__fpclassifyf.c estimated size: 254

C:\Program Files\Microchip\xc8\v3.00\pic\sources\c99\common\nf_sprintf.c
		_sprintf       		CODE           	666E	0000	56

C:\Program Files\Microchip\xc8\v3.00\pic\sources\c99\common\nf_sprintf.c estimated size: 56

C:\Program Files\Microchip\xc8\v3.00\pic\sources\c99\common\floorf.c
		_floorf        		CODE           	593C	0000	530

C:\Program Files\Microchip\xc8\v3.00\pic\sources\c99\common\floorf.c estimated size: 530

C:\Program Files\Microchip\xc8\v3.00\pic\sources\c99\common\putch.c
		_putch         		CODE           	67EE	0000	2

C:\Program Files\Microchip\xc8\v3.00\pic\sources\c99\common\putch.c estimated size: 2

C:\Program Files\Microchip\xc8\v3.00\pic\sources\c99\common\fleq.c
		___fleq        		CODE           	6240	0000	170

C:\Program Files\Microchip\xc8\v3.00\pic\sources\c99\common\fleq.c estimated size: 170

C:\Program Files\Microchip\xc8\v3.00\pic\sources\c99\common\sprcmul.c
		___flmul       		CODE           	4F4E	0000	1098

C:\Program Files\Microchip\xc8\v3.00\pic\sources\c99\common\sprcmul.c estimated size: 1098

./functions.h
		_LCD_String    		CODE           	6714	0000	42
		_IOC_ISR       		CODE           	62EC	0000	112
		_LCD_Command   		CODE           	67AE	0000	30
		_LCD_String_xy 		CODE           	6632	0000	60
		_LCD_Char      		CODE           	6790	0000	30
		_LCD_Clear     		CODE           	67E6	0000	8
		_MSdelay       		CODE           	64D4	0000	74

./functions.h estimated size: 356

C:\Program Files\Microchip\xc8\v3.00\pic\sources\c99\common\strcat.c
		_strcat        		CODE           	63C2	0000	98

C:\Program Files\Microchip\xc8\v3.00\pic\sources\c99\common\strcat.c estimated size: 98

C:\Program Files\Microchip\xc8\v3.00\pic\sources\c99\common\sprcdiv.c
		___fldiv       		CODE           	5398	0000	912

C:\Program Files\Microchip\xc8\v3.00\pic\sources\c99\common\sprcdiv.c estimated size: 912

shared
		__initialization		CODE           	66DE	0000	48

shared estimated size: 48

C:\Program Files\Microchip\xc8\v3.00\pic\sources\c99\common\xxtofl.c
		___xxtofl      		CODE           	5B4E	0000	436

C:\Program Files\Microchip\xc8\v3.00\pic\sources\c99\common\xxtofl.c estimated size: 436

C:\Program Files\Microchip\xc8\v3.00\pic\sources\c99\common\nf_fputs.c
		_fputs         		CODE           	65F2	0000	64

C:\Program Files\Microchip\xc8\v3.00\pic\sources\c99\common\nf_fputs.c estimated size: 64

C:\Program Files\Microchip\xc8\v3.00\pic\sources\c99\common\strcpy.c
		_strcpy        		CODE           	6566	0000	70

C:\Program Files\Microchip\xc8\v3.00\pic\sources\c99\common\strcpy.c estimated size: 70

C:\Program Files\Microchip\xc8\v3.00\pic\sources\c99\common\fltol.c
		___fltol       		CODE           	5D02	0000	262

C:\Program Files\Microchip\xc8\v3.00\pic\sources\c99\common\fltol.c estimated size: 262

C:\Program Files\Microchip\xc8\v3.00\pic\sources\c99\common\labs.c
		_labs          		CODE           	647E	0000	86

C:\Program Files\Microchip\xc8\v3.00\pic\sources\c99\common\labs.c estimated size: 86

C:\Program Files\Microchip\xc8\v3.00\pic\sources\c99\common\doprnt.c
		_read_prec_or_width		CODE           	60DC	0000	184
		_vfpfcnvrt     		CODE           	5728	0000	532
		_efgtoa        		CODE           	40B2	0000	2534
		_pad           		CODE           	635C	0000	102
		_vfprintf      		CODE           	651E	0000	72

C:\Program Files\Microchip\xc8\v3.00\pic\sources\c99\common\doprnt.c estimated size: 3424

C:\Program Files\Microchip\xc8\v3.00\pic\sources\c99\common\sprcadd.c
		___flsub       		CODE           	65AC	0000	70
		___fladd       		CODE           	4A98	0000	1206

C:\Program Files\Microchip\xc8\v3.00\pic\sources\c99\common\sprcadd.c estimated size: 1276

