Microchip MPLAB XC8 Compiler V3.00

Linker command line:

-W-3 \
  --edf=C:\Program Files\Microchip\xc8\v3.00\pic\dat\20241204225717_en.msgs \
  -cn -h+dist/default/production\Final.X.production.sym \
  --cmf=dist/default/production\Final.X.production.cmf -z -Q18F47K42 \
  -oC:\Users\osval\AppData\Local\Temp\xcAs1898.\driver_tmp_3.o \
  --defsym=__MPLAB_BUILD=1 --fixupoverflow=error \
  -Mdist/default/production/Final.X.production.map \
  --md=C:\Users\osval\AppData\Local\Temp\xcAs1898.\driver_tmp_0.dat -E1 \
  -ver=XC8 Compiler -ACODE=00h-01FFFFh -ACONST=00h-01FFFFh \
  -ASMALLCONST=02000h-020FFhx224,012000h-0120FFhx224 \
  -AMEDIUMCONST=02000h-0FFFFh,012000h-01FFFFh -ACOMRAM=01h-05Fh \
  -AABS1=00h-01FFFh -ABIGRAM=01h-01FFFh -ARAM=060h-0FFh,0100h-01FFhx31 \
  -ABANK0=060h-0FFh -ABANK1=0100h-01FFh -ABANK2=0200h-02FFh \
  -ABANK3=0300h-03FFh -ABANK4=0400h-04FFh -ABANK5=0500h-05FFh \
  -ABANK6=0600h-06FFh -ABANK7=0700h-07FFh -ABANK8=0800h-08FFh \
  -ABANK9=0900h-09FFh -ABANK10=0A00h-0AFFh -ABANK11=0B00h-0BFFh \
  -ABANK12=0C00h-0CFFh -ABANK13=0D00h-0DFFh -ABANK14=0E00h-0EFFh \
  -ABANK15=0F00h-0FFFh -ABANK16=01000h-010FFh -ABANK17=01100h-011FFh \
  -ABANK18=01200h-012FFh -ABANK19=01300h-013FFh -ABANK20=01400h-014FFh \
  -ABANK21=01500h-015FFh -ABANK22=01600h-016FFh -ABANK23=01700h-017FFh \
  -ABANK24=01800h-018FFh -ABANK25=01900h-019FFh -ABANK26=01A00h-01AFFh \
  -ABANK27=01B00h-01BFFh -ABANK28=01C00h-01CFFh -ABANK29=01D00h-01DFFh \
  -ABANK30=01E00h-01EFFh -ABANK31=01F00h-01FFFh \
  -ASFR=03800h-038FFhx7,03F00h-03F5Fh,03F60h-03FFFh -ABIGSFR=03800h-03FFFh \
  -ACONFIG=0300000h-0300009h -AIDLOC=0200000h-020000Fh \
  -AEEDATA=0310000h-03103FFh -peeprom_data=EEDATA -preset_vec=00h \
  -ppowerup=CODE,init -pramtop=02000h -psmallconst=SMALLCONST \
  -pmediumconst=MEDIUMCONST -pconst=CONST -AFARRAM=00h-00h \
  -prdata=COMRAM,nvrram=COMRAM,nvbit=COMRAM,rbss=COMRAM,rbit=COMRAM \
  -pfarbss=FARRAM,fardata=FARRAM,nvFARRAM=FARRAM \
  -pintsave_regs=BIGRAM,bigbss=BIGRAM,bigdata=BIGRAM -pbss=RAM \
  -pidata=CODE,irdata=CODE,ibigdata=CODE,ifardata=CODE -prparam=COMRAM \
  C:\Users\osval\AppData\Local\Temp\xcAs1898.\driver_tmp_14.o \
  dist/default/production\Final.X.production.o 

Object code version is 3.11

Machine type is 18F47K42



                Name                               Link     Load   Length Selector   Space Scale
C:\Users\osval\AppData\Local\Temp\xcAs1898.\driver_tmp_14.o
                config                           300000   300000        A        0       4
                init                              1FFFC    1FFFC        4     FFFE       0
                reset_vec                             0        0        4        0       0
dist/default/production\Final.X.production.o
                config                           300000   300000        A        0       4
                smallconst                         2000     2000       C0     1000       0
                text38                             60BC     60BC       28     1060       0
                text37                             5E20     5E20       4A     1060       0
                text36                             6102     6102       1E     1060       0
                text35                             6120     6120        8     1060       0
                text34                             6028     6028       36     1060       0
                text33                             60E4     60E4       1E     1060       0
                text32                             5BC4     5BC4       72     1060       0
                text31                             5F7A     5F7A       40     1060       0
                text30                             517E     517E      1B4     1060       0
                text29                             5CA4     5CA4       6A     1060       0
                text28                             5C36     5C36       6E     1060       0
                text27                             57B4     57B4       C2     1060       0
                text26                             592E     592E       AE     1060       0
                text25                             605E     605E       34     1060       0
                text24                             6128     6128        2     1060       0
                text23                             59DC     59DC       AC     1060       0
                text22                             5F3A     5F3A       40     1060       0
                text21                             5B32     5B32       92     1060       0
                text20                             5332     5332      17A     1060       0
                text19                             4916     4916      390     1060       0
                text18                             5A88     5A88       AA     1060       0
                text17                             55B2     55B2      104     1060       0
                text16                             44CC     44CC      44A     1060       0
                text15                             5FBA     5FBA       38     1060       0
                text14                             4016     4016      4B6     1060       0
                text13                             5EB0     5EB0       46     1060       0
                text12                             54AC     54AC      106     1060       0
                text11                             56B6     56B6       FE     1060       0
                text10                             4F6C     4F6C      212     1060       0
                text9                              5DCA     5DCA       56     1060       0
                text8                              5D70     5D70       5A     1060       0
                text7                              5E6A     5E6A       46     1060       0
                text6                              3630     3630      9E6     1060       0
                text5                              5876     5876       B8     1060       0
                text4                              4CA6     4CA6      2C6     1060       0
                text3                              5EF6     5EF6       44     1060       0
                text2                              5FF2     5FF2       36     1060       0
                text1                              5D0E     5D0E       62     1060       0
                text0                              20C0     20C0     1570     1060       0
                cstackCOMRAM                          1        1       55        1       1
                cstackBANK0                          60       60       34       60       1
                bssBANK1                            100      100       50      100       1
                bssBANK0                             94       94       26       60       1
                bssCOMRAM                            56       56        9        1       1
                cinit                              6092     6092       2A     1060       0

TOTAL           Name                               Link     Load   Length     Space
        CLASS   CODE           
                init                              1FFFC    1FFFC        4         0
                reset_vec                             0        0        4         0
                text38                             60BC     60BC       28         0
                text37                             5E20     5E20       4A         0
                text36                             6102     6102       1E         0
                text35                             6120     6120        8         0
                text34                             6028     6028       36         0
                text33                             60E4     60E4       1E         0
                text32                             5BC4     5BC4       72         0
                text31                             5F7A     5F7A       40         0
                text30                             517E     517E      1B4         0
                text29                             5CA4     5CA4       6A         0
                text28                             5C36     5C36       6E         0
                text27                             57B4     57B4       C2         0
                text26                             592E     592E       AE         0
                text25                             605E     605E       34         0
                text24                             6128     6128        2         0
                text23                             59DC     59DC       AC         0
                text22                             5F3A     5F3A       40         0
                text21                             5B32     5B32       92         0
                text20                             5332     5332      17A         0
                text19                             4916     4916      390         0
                text18                             5A88     5A88       AA         0
                text17                             55B2     55B2      104         0
                text16                             44CC     44CC      44A         0
                text15                             5FBA     5FBA       38         0
                text14                             4016     4016      4B6         0
                text13                             5EB0     5EB0       46         0
                text12                             54AC     54AC      106         0
                text11                             56B6     56B6       FE         0
                text10                             4F6C     4F6C      212         0
                text9                              5DCA     5DCA       56         0
                text8                              5D70     5D70       5A         0
                text7                              5E6A     5E6A       46         0
                text6                              3630     3630      9E6         0
                text5                              5876     5876       B8         0
                text4                              4CA6     4CA6      2C6         0
                text3                              5EF6     5EF6       44         0
                text2                              5FF2     5FF2       36         0
                text1                              5D0E     5D0E       62         0
                text0                              20C0     20C0     1570         0
                cinit                              6092     6092       2A         0

        CLASS   CONST          

        CLASS   SMALLCONST     
                smallconst                         2000     2000       C0         0

        CLASS   MEDIUMCONST    

        CLASS   COMRAM         
                cstackCOMRAM                          1        1       55         1
                bssCOMRAM                            56       56        9         1

        CLASS   ABS1           

        CLASS   BIGRAM         

        CLASS   RAM            

        CLASS   BANK0          
                cstackBANK0                          60       60       34         1
                bssBANK0                             94       94       26         1

        CLASS   BANK1          
                bssBANK1                            100      100       50         1

        CLASS   BANK2          

        CLASS   BANK3          

        CLASS   BANK4          

        CLASS   BANK5          

        CLASS   BANK6          

        CLASS   BANK7          

        CLASS   BANK8          

        CLASS   BANK9          

        CLASS   BANK10         

        CLASS   BANK11         

        CLASS   BANK12         

        CLASS   BANK13         

        CLASS   BANK14         

        CLASS   BANK15         

        CLASS   BANK16         

        CLASS   BANK17         

        CLASS   BANK18         

        CLASS   BANK19         

        CLASS   BANK20         

        CLASS   BANK21         

        CLASS   BANK22         

        CLASS   BANK23         

        CLASS   BANK24         

        CLASS   BANK25         

        CLASS   BANK26         

        CLASS   BANK27         

        CLASS   BANK28         

        CLASS   BANK29         

        CLASS   BANK30         

        CLASS   BANK31         

        CLASS   SFR            

        CLASS   BIGSFR         

        CLASS   CONFIG         
                config                           300000   300000        A         4

        CLASS   IDLOC          

        CLASS   EEDATA         

        CLASS   FARRAM         

        CLASS   HEAP           

        CLASS   STACK          



SEGMENTS        Name                           Load    Length   Top    Selector   Space  Class

                reset_vec                      000000  000004  000004         0       0  CODE    
                cstackCOMRAM                   000001  00005E  00005F         1       1  COMRAM  
                cstackBANK0                    000060  00005A  0000BA        60       1  BANK0   
                bssBANK1                       000100  000050  000150       100       1  BANK1   
                smallconst                     002000  0000C0  0020C0      1000       0  SMALLCON
                text0                          0020C0  00406A  00612A      1060       0  CODE    
                init                           01FFFC  000004  020000      FFFE       0  CODE    


UNUSED ADDRESS RANGES

        Name                Unused          Largest block    Delta
        BANK0            0000BA-0000FF               46
        BANK1            000150-0001FF               B0
        BANK10           000A00-000AFF              100
        BANK11           000B00-000BFF              100
        BANK12           000C00-000CFF              100
        BANK13           000D00-000DFF              100
        BANK14           000E00-000EFF              100
        BANK15           000F00-000FFF              100
        BANK16           001000-0010FF              100
        BANK17           001100-0011FF              100
        BANK18           001200-0012FF              100
        BANK19           001300-0013FF              100
        BANK2            000200-0002FF              100
        BANK20           001400-0014FF              100
        BANK21           001500-0015FF              100
        BANK22           001600-0016FF              100
        BANK23           001700-0017FF              100
        BANK24           001800-0018FF              100
        BANK25           001900-0019FF              100
        BANK26           001A00-001AFF              100
        BANK27           001B00-001BFF              100
        BANK28           001C00-001CFF              100
        BANK29           001D00-001DFF              100
        BANK3            000300-0003FF              100
        BANK30           001E00-001EFF              100
        BANK31           001F00-001FFF              100
        BANK4            000400-0004FF              100
        BANK5            000500-0005FF              100
        BANK6            000600-0006FF              100
        BANK7            000700-0007FF              100
        BANK8            000800-0008FF              100
        BANK9            000900-0009FF              100
        BIGRAM           00005F-00005F                1
                         0000BA-0000FF               46
                         000150-001FFF             1EB0
        BIGSFR           003800-003FFF              800
        CODE             000004-001FFF             1FFC
                         00612A-01FFFB            19ED2
        COMRAM           00005F-00005F                1
        CONST            000004-001FFF             1FFC
                         00612A-01FFFB            19ED2
        EEDATA           310000-3103FF              400
        IDLOC            200000-20000F               10
        MEDIUMCONST      00612A-00FFFF             9ED6
                         012000-01FFFB             DFFC
        RAM              0000BA-0000FF               46
                         000150-001FFF              100
        SFR              003800-003FFF              100
        SMALLCONST       00612A-00FFFF              100
                         012000-01FFFB              100

                                  Symbol Table

?___awdiv                   cstackCOMRAM 000001
?___awmod                   cstackCOMRAM 000013
?___fladd                   cstackCOMRAM 000001
?___fldiv                   cstackCOMRAM 000001
?___flmul                   cstackCOMRAM 00000F
?___flneg                   cstackCOMRAM 000001
?___flsub                   cstackCOMRAM 000028
?___fltol                   cstackCOMRAM 000001
?___fpclassifyf             cstackCOMRAM 000001
?___lmul                    cstackCOMRAM 000001
?___xxtofl                  cstackCOMRAM 000001
?_abs                       cstackCOMRAM 000019
?_floorf                    cstackCOMRAM 00001A
?_labs                      cstackCOMRAM 000001
?_rand                      cstackCOMRAM 00000D
?_read_prec_or_width        cstackCOMRAM 000001
?_sprintf                   cstackBANK0  00008C
?_vfprintf                  cstackCOMRAM 000046
LCD_Char@dat                cstackCOMRAM 000007
LCD_Command@cmd             cstackCOMRAM 000007
LCD_String@msg              cstackCOMRAM 000008
LCD_String_xy@location      cstackCOMRAM 00000E
LCD_String_xy@msg           cstackCOMRAM 00000B
LCD_String_xy@pos           cstackCOMRAM 00000A
LCD_String_xy@row           cstackCOMRAM 00000D
MSdelay@i                   cstackCOMRAM 000003
MSdelay@j                   cstackCOMRAM 000005
MSdelay@val                 cstackCOMRAM 000001
_ADACQH                     (abs)        003EF4
_ADACQL                     (abs)        003EF3
_ADCLK                      (abs)        003EFF
_ADCON0bits                 (abs)        003EF8
_ADC_Init                   text38       0060BC
_ADPCH                      (abs)        003EF1
_ADPREH                     (abs)        003EF7
_ADPREL                     (abs)        003EF6
_ADRESH                     (abs)        003EF0
_ADRESL                     (abs)        003EEF
_ANSELAbits                 (abs)        003A40
_ANSELB                     (abs)        003A50
_ANSELD                     (abs)        003A70
_ANSELE                     (abs)        003A80
_Difficulty                 bssBANK0     00009C
_LATB                       (abs)        003FBB
_LATDbits                   (abs)        003FBD
_LCD_Char                   text33       0060E4
_LCD_Clear                  text35       006120
_LCD_Command                text36       006102
_LCD_Init                   text34       006028
_LCD_String                 text32       005BC4
_LCD_String_xy              text31       005F7A
_MSdelay                    text37       005E20
_PORTD                      (abs)        003FCD
_PORTDbits                  (abs)        003FCD
_PORTEbits                  (abs)        003FCE
_TRISAbits                  (abs)        003FC2
_TRISB                      (abs)        003FC3
_TRISD                      (abs)        003FC5
_TRISE                      (abs)        003FC6
__HRAM                      (abs)        000000
__H__absolute__             __absolute__ 000000
__Habs1                     abs1         000000
__Hbank0                    bank0        000000
__Hbank1                    bank1        000000
__Hbank10                   bank10       000000
__Hbank11                   bank11       000000
__Hbank12                   bank12       000000
__Hbank13                   bank13       000000
__Hbank14                   bank14       000000
__Hbank15                   bank15       000000
__Hbank16                   bank16       000000
__Hbank17                   bank17       000000
__Hbank18                   bank18       000000
__Hbank19                   bank19       000000
__Hbank2                    bank2        000000
__Hbank20                   bank20       000000
__Hbank21                   bank21       000000
__Hbank22                   bank22       000000
__Hbank23                   bank23       000000
__Hbank24                   bank24       000000
__Hbank25                   bank25       000000
__Hbank26                   bank26       000000
__Hbank27                   bank27       000000
__Hbank28                   bank28       000000
__Hbank29                   bank29       000000
__Hbank3                    bank3        000000
__Hbank30                   bank30       000000
__Hbank31                   bank31       000000
__Hbank4                    bank4        000000
__Hbank5                    bank5        000000
__Hbank6                    bank6        000000
__Hbank7                    bank7        000000
__Hbank8                    bank8        000000
__Hbank9                    bank9        000000
__Hbigbss                   bigbss       000000
__Hbigdata                  bigdata      000000
__Hbigram                   bigram       000000
__Hbigsfr                   bigsfr       000000
__Hbss                      bss          000000
__HbssBANK0                 bssBANK0     000000
__HbssBANK1                 bssBANK1     000000
__HbssCOMRAM                bssCOMRAM    000000
__Hcinit                    cinit        000000
__Hclrtext                  clrtext      000000
__Hcomram                   comram       000000
__Hconfig                   config       30000A
__Hconst                    const        000000
__HcstackBANK0              cstackBANK0  000000
__HcstackCOMRAM             cstackCOMRAM 000000
__Hdata                     data         000000
__Heeprom_data              eeprom_data  000000
__Hfarbss                   farbss       000000
__Hfardata                  fardata      000000
__Hheap                     heap         000000
__Hibigdata                 ibigdata     000000
__Hidata                    idata        000000
__Hidloc                    idloc        000000
__Hifardata                 ifardata     000000
__Hinit                     init         020000
__Hintsave_regs             intsave_regs 000000
__Hirdata                   irdata       000000
__Hmediumconst              mediumconst  000000
__HnvFARRAM                 nvFARRAM     000000
__Hnvbit                    nvbit        000000
__Hnvrram                   nvrram       000000
__Hparam                    rparam       000000
__Hpowerup                  powerup      000000
__Hram                      ram          000000
__Hramtop                   ramtop       002000
__Hrbit                     rbit         000000
__Hrbss                     rbss         000000
__Hrdata                    rdata        000000
__Hreset_vec                reset_vec    000004
__Hrparam                   rparam       000000
__Hsfr                      sfr          000000
__Hsmallconst               smallconst   0020C0
__Hspace_0                  (abs)        020000
__Hspace_1                  (abs)        000150
__Hspace_2                  (abs)        000000
__Hspace_4                  (abs)        60000A
__Hstack                    stack        000000
__Hstruct                   struct       000000
__Htemp                     temp         000000
__Htext                     text         000000
__Htext0                    text0        000000
__Htext1                    text1        000000
__Htext10                   text10       000000
__Htext11                   text11       000000
__Htext12                   text12       000000
__Htext13                   text13       000000
__Htext14                   text14       000000
__Htext15                   text15       000000
__Htext16                   text16       000000
__Htext17                   text17       000000
__Htext18                   text18       000000
__Htext19                   text19       000000
__Htext2                    text2        000000
__Htext20                   text20       000000
__Htext21                   text21       000000
__Htext22                   text22       000000
__Htext23                   text23       000000
__Htext24                   text24       000000
__Htext25                   text25       000000
__Htext26                   text26       000000
__Htext27                   text27       000000
__Htext28                   text28       000000
__Htext29                   text29       000000
__Htext3                    text3        000000
__Htext30                   text30       000000
__Htext31                   text31       000000
__Htext32                   text32       000000
__Htext33                   text33       000000
__Htext34                   text34       000000
__Htext35                   text35       000000
__Htext36                   text36       000000
__Htext37                   text37       000000
__Htext38                   text38       000000
__Htext4                    text4        000000
__Htext5                    text5        000000
__Htext6                    text6        000000
__Htext7                    text7        000000
__Htext8                    text8        000000
__Htext9                    text9        000000
__LRAM                      (abs)        000001
__L__absolute__             __absolute__ 000000
__Labs1                     abs1         000000
__Lbank0                    bank0        000000
__Lbank1                    bank1        000000
__Lbank10                   bank10       000000
__Lbank11                   bank11       000000
__Lbank12                   bank12       000000
__Lbank13                   bank13       000000
__Lbank14                   bank14       000000
__Lbank15                   bank15       000000
__Lbank16                   bank16       000000
__Lbank17                   bank17       000000
__Lbank18                   bank18       000000
__Lbank19                   bank19       000000
__Lbank2                    bank2        000000
__Lbank20                   bank20       000000
__Lbank21                   bank21       000000
__Lbank22                   bank22       000000
__Lbank23                   bank23       000000
__Lbank24                   bank24       000000
__Lbank25                   bank25       000000
__Lbank26                   bank26       000000
__Lbank27                   bank27       000000
__Lbank28                   bank28       000000
__Lbank29                   bank29       000000
__Lbank3                    bank3        000000
__Lbank30                   bank30       000000
__Lbank31                   bank31       000000
__Lbank4                    bank4        000000
__Lbank5                    bank5        000000
__Lbank6                    bank6        000000
__Lbank7                    bank7        000000
__Lbank8                    bank8        000000
__Lbank9                    bank9        000000
__Lbigbss                   bigbss       000000
__Lbigdata                  bigdata      000000
__Lbigram                   bigram       000000
__Lbigsfr                   bigsfr       000000
__Lbss                      bss          000000
__LbssBANK0                 bssBANK0     000000
__LbssBANK1                 bssBANK1     000000
__LbssCOMRAM                bssCOMRAM    000000
__Lcinit                    cinit        000000
__Lclrtext                  clrtext      000000
__Lcomram                   comram       000000
__Lconfig                   config       000000
__Lconst                    const        000000
__LcstackBANK0              cstackBANK0  000000
__LcstackCOMRAM             cstackCOMRAM 000000
__Ldata                     data         000000
__Leeprom_data              eeprom_data  000000
__Lfarbss                   farbss       000000
__Lfardata                  fardata      000000
__Lheap                     heap         000000
__Libigdata                 ibigdata     000000
__Lidata                    idata        000000
__Lidloc                    idloc        000000
__Lifardata                 ifardata     000000
__Linit                     init         01FFFC
__Lintsave_regs             intsave_regs 000000
__Lirdata                   irdata       000000
__Lmediumconst              mediumconst  000000
__LnvFARRAM                 nvFARRAM     000000
__Lnvbit                    nvbit        000000
__Lnvrram                   nvrram       000000
__Lparam                    rparam       000000
__Lpowerup                  powerup      000000
__Lram                      ram          000000
__Lramtop                   ramtop       002000
__Lrbit                     rbit         000000
__Lrbss                     rbss         000000
__Lrdata                    rdata        000000
__Lreset_vec                reset_vec    000000
__Lrparam                   rparam       000000
__Lsfr                      sfr          000000
__Lsmallconst               smallconst   002000
__Lspace_0                  (abs)        000000
__Lspace_1                  (abs)        000000
__Lspace_2                  (abs)        000000
__Lspace_4                  (abs)        000000
__Lstack                    stack        000000
__Lstruct                   struct       000000
__Ltemp                     temp         000000
__Ltext                     text         000000
__Ltext0                    text0        000000
__Ltext1                    text1        000000
__Ltext10                   text10       000000
__Ltext11                   text11       000000
__Ltext12                   text12       000000
__Ltext13                   text13       000000
__Ltext14                   text14       000000
__Ltext15                   text15       000000
__Ltext16                   text16       000000
__Ltext17                   text17       000000
__Ltext18                   text18       000000
__Ltext19                   text19       000000
__Ltext2                    text2        000000
__Ltext20                   text20       000000
__Ltext21                   text21       000000
__Ltext22                   text22       000000
__Ltext23                   text23       000000
__Ltext24                   text24       000000
__Ltext25                   text25       000000
__Ltext26                   text26       000000
__Ltext27                   text27       000000
__Ltext28                   text28       000000
__Ltext29                   text29       000000
__Ltext3                    text3        000000
__Ltext30                   text30       000000
__Ltext31                   text31       000000
__Ltext32                   text32       000000
__Ltext33                   text33       000000
__Ltext34                   text34       000000
__Ltext35                   text35       000000
__Ltext36                   text36       000000
__Ltext37                   text37       000000
__Ltext38                   text38       000000
__Ltext4                    text4        000000
__Ltext5                    text5        000000
__Ltext6                    text6        000000
__Ltext7                    text7        000000
__Ltext8                    text8        000000
__Ltext9                    text9        000000
__S0                        (abs)        020000
__S1                        (abs)        000150
__S4                        (abs)        000000
__S5                        (abs)        000000
___awdiv                    text27       0057B4
___awdiv@counter            cstackCOMRAM 000005
___awdiv@dividend           cstackCOMRAM 000001
___awdiv@divisor            cstackCOMRAM 000003
___awdiv@quotient           cstackCOMRAM 000007
___awdiv@sign               cstackCOMRAM 000006
___awmod                    text26       00592E
___awmod@counter            cstackCOMRAM 000017
___awmod@dividend           cstackCOMRAM 000013
___awmod@divisor            cstackCOMRAM 000015
___awmod@sign               cstackCOMRAM 000018
___fladd                    text14       004016
___fladd@a                  cstackCOMRAM 000005
___fladd@aexp               cstackCOMRAM 00000E
___fladd@b                  cstackCOMRAM 000001
___fladd@bexp               cstackCOMRAM 00000F
___fladd@grs                cstackCOMRAM 000010
___fladd@signs              cstackCOMRAM 00000D
___fldiv                    text19       004916
___fldiv@a                  cstackCOMRAM 000005
___fldiv@aexp               cstackCOMRAM 000019
___fldiv@b                  cstackCOMRAM 000001
___fldiv@bexp               cstackCOMRAM 000018
___fldiv@grs                cstackCOMRAM 000014
___fldiv@new_exp            cstackCOMRAM 000012
___fldiv@rem                cstackCOMRAM 00000D
___fldiv@sign               cstackCOMRAM 000011
___fleq                     text18       005A88
___fleq@ff1                 cstackCOMRAM 00000F
___fleq@ff2                 cstackCOMRAM 000013
___flge                     text17       0055B2
___flge@ff1                 cstackCOMRAM 000028
___flge@ff2                 cstackCOMRAM 00002C
___flmul                    text16       0044CC
___flmul@a                  cstackCOMRAM 000013
___flmul@aexp               cstackCOMRAM 000020
___flmul@b                  cstackCOMRAM 00000F
___flmul@bexp               cstackCOMRAM 000021
___flmul@grs                cstackCOMRAM 00001C
___flmul@prod               cstackCOMRAM 000022
___flmul@sign               cstackCOMRAM 00001B
___flmul@temp               cstackCOMRAM 000026
___flneg                    text15       005FBA
___flneg@f1                 cstackCOMRAM 000001
___flsub                    text13       005EB0
___flsub@a                  cstackCOMRAM 00002C
___flsub@b                  cstackCOMRAM 000028
___fltol                    text12       0054AC
___fltol@exp1               cstackCOMRAM 00000A
___fltol@f1                 cstackCOMRAM 000001
___fltol@sign1              cstackCOMRAM 000009
___fpclassifyf              text11       0056B6
___fpclassifyf@F465         bssBANK0     000098
___fpclassifyf@e            cstackCOMRAM 000009
___fpclassifyf@u            cstackCOMRAM 00000B
___fpclassifyf@x            cstackCOMRAM 000001
___heap_hi                  (abs)        000000
___heap_lo                  (abs)        000000
___inthi_sp                 stack        000000
___inthi_stack_hi           stack        000000
___inthi_stack_lo           stack        000000
___intlo_sp                 stack        000000
___intlo_stack_hi           stack        000000
___intlo_stack_lo           stack        000000
___lmul                     text29       005CA4
___lmul@multiplicand        cstackCOMRAM 000005
___lmul@multiplier          cstackCOMRAM 000001
___lmul@product             cstackCOMRAM 000009
___param_bank               (abs)        000000
___rparam_used              (abs)        000001
___sp                       stack        000000
___stack_hi                 stack        000000
___stack_lo                 stack        000000
___xxtofl                   text30       00517E
___xxtofl@arg               cstackCOMRAM 00000B
___xxtofl@exp               cstackCOMRAM 00000A
___xxtofl@sign              cstackCOMRAM 000009
___xxtofl@val               cstackCOMRAM 000001
__accesstop                 (abs)        000060
__activetblptr              (abs)        000003
__end_of_ADC_Init           text38       0060E4
__end_of_LCD_Char           text33       006102
__end_of_LCD_Clear          text35       006128
__end_of_LCD_Command        text36       006120
__end_of_LCD_Init           text34       00605E
__end_of_LCD_String         text32       005C36
__end_of_LCD_String_xy      text31       005FBA
__end_of_MSdelay            text37       005E6A
__end_of___awdiv            text27       005876
__end_of___awmod            text26       0059DC
__end_of___fladd            text14       0044CC
__end_of___fldiv            text19       004CA6
__end_of___fleq             text18       005B32
__end_of___flge             text17       0056B6
__end_of___flmul            text16       004916
__end_of___flneg            text15       005FF2
__end_of___flsub            text13       005EF6
__end_of___fltol            text12       0055B2
__end_of___fpclassifyf      text11       0057B4
__end_of___lmul             text29       005D0E
__end_of___xxtofl           text30       005332
__end_of__initialization    cinit        0060B6
__end_of_abs                text25       006092
__end_of_dtoa               text20       0054AC
__end_of_efgtoa             text6        004016
__end_of_floorf             text10       00517E
__end_of_fputc              text23       005A88
__end_of_fputs              text22       005F7A
__end_of_labs               text9        005E20
__end_of_main               text0        003630
__end_of_memcpy             text8        005DCA
__end_of_pad                text21       005BC4
__end_of_putch              text24       00612A
__end_of_rand               text28       005CA4
__end_of_read_prec_or_width text5        00592E
__end_of_sprintf            text2        006028
__end_of_strcat             text1        005D70
__end_of_strcpy             text7        005EB0
__end_of_vfpfcnvrt          text4        004F6C
__end_of_vfprintf           text3        005F3A
__initialization            cinit        006092
__mediumconst               smallconst   002000
__pbssBANK0                 bssBANK0     000094
__pbssBANK1                 bssBANK1     000100
__pbssCOMRAM                bssCOMRAM    000056
__pcinit                    cinit        006092
__pcstackBANK0              cstackBANK0  000060
__pcstackCOMRAM             cstackCOMRAM 000001
__psmallconst               smallconst   002000
__ptext0                    text0        0020C0
__ptext1                    text1        005D0E
__ptext10                   text10       004F6C
__ptext11                   text11       0056B6
__ptext12                   text12       0054AC
__ptext13                   text13       005EB0
__ptext14                   text14       004016
__ptext15                   text15       005FBA
__ptext16                   text16       0044CC
__ptext17                   text17       0055B2
__ptext18                   text18       005A88
__ptext19                   text19       004916
__ptext2                    text2        005FF2
__ptext20                   text20       005332
__ptext21                   text21       005B32
__ptext22                   text22       005F3A
__ptext23                   text23       0059DC
__ptext24                   text24       006128
__ptext25                   text25       00605E
__ptext26                   text26       00592E
__ptext27                   text27       0057B4
__ptext28                   text28       005C36
__ptext29                   text29       005CA4
__ptext3                    text3        005EF6
__ptext30                   text30       00517E
__ptext31                   text31       005F7A
__ptext32                   text32       005BC4
__ptext33                   text33       0060E4
__ptext34                   text34       006028
__ptext35                   text35       006120
__ptext36                   text36       006102
__ptext37                   text37       005E20
__ptext38                   text38       0060BC
__ptext4                    text4        004CA6
__ptext5                    text5        005876
__ptext6                    text6        003630
__ptext7                    text7        005E6A
__ptext8                    text8        005D70
__ptext9                    text9        005DCA
__ramtop                    ramtop       002000
__smallconst                smallconst   002000
_abs                        text25       00605E
_count1                     bssCOMRAM    000056
_count2                     bssCOMRAM    00005C
_data                       bssBANK0     0000AC
_dbuf                       bssBANK1     000100
_digital                    bssBANK0     0000A8
_dtoa                       text20       005332
_dtoa$945                   cstackCOMRAM 000020
_efgtoa                     text6        003630
_efgtoa$976                 cstackBANK0  000066
_elapsed_time_counts        bssBANK0     0000AA
_flags                      bssCOMRAM    00005E
_floorf                     text10       004F6C
_fputc                      text23       0059DC
_fputs                      text22       005F3A
_labs                       text9        005DCA
_main                       text0        0020C0
_memcpy                     text8        005D70
_num                        bssCOMRAM    00005A
_pad                        text21       005B32
_prec                       bssBANK0     0000A6
_putch                      text24       006128
_rand                       text28       005C36
_read_prec_or_width         text5        005876
_seed                       bssBANK0     0000B6
_sprintf                    text2        005FF2
_strcat                     text1        005D0E
_strcpy                     text7        005E6A
_vfpfcnvrt                  text4        004CA6
_vfprintf                   text3        005EF6
_voltage                    bssBANK0     0000A0
_width                      bssBANK0     0000A4
abs@a                       cstackCOMRAM 000019
dtoa@d                      cstackCOMRAM 00001E
dtoa@fp                     cstackCOMRAM 00001D
dtoa@i                      cstackCOMRAM 000027
dtoa@p                      cstackCOMRAM 000024
dtoa@s                      cstackCOMRAM 000026
dtoa@w                      cstackCOMRAM 000022
efgtoa@c                    cstackCOMRAM 000039
efgtoa@d                    cstackBANK0  00006B
efgtoa@e                    cstackBANK0  00006F
efgtoa@f                    cstackCOMRAM 000035
efgtoa@fp                   cstackCOMRAM 000034
efgtoa@g                    cstackBANK0  000084
efgtoa@h                    cstackBANK0  000079
efgtoa@i                    cstackBANK0  000077
efgtoa@l                    cstackBANK0  00007D
efgtoa@m                    cstackBANK0  00006D
efgtoa@mode                 cstackBANK0  000069
efgtoa@n                    cstackBANK0  000082
efgtoa@ne                   cstackBANK0  000060
efgtoa@nmode                cstackBANK0  00006A
efgtoa@ou                   cstackBANK0  000073
efgtoa@p                    cstackBANK0  000062
efgtoa@pp                   cstackBANK0  000068
efgtoa@sign                 cstackBANK0  000081
efgtoa@t                    cstackBANK0  000064
efgtoa@u                    cstackBANK0  000088
efgtoa@w                    cstackBANK0  000071
end_of_initialization       cinit        0060B6
floorf@F521                 bssBANK0     000094
floorf@e                    cstackCOMRAM 000028
floorf@m                    cstackCOMRAM 000024
floorf@u                    cstackCOMRAM 00002A
floorf@x                    cstackCOMRAM 00001A
fputc@c                     cstackCOMRAM 000001
fputc@fp                    cstackCOMRAM 000003
fputs@c                     cstackCOMRAM 00000C
fputs@fp                    cstackCOMRAM 00000B
fputs@i                     cstackCOMRAM 00000D
fputs@s                     cstackCOMRAM 000009
intlevel0                   text         000000
intlevel1                   text         000000
intlevel2                   text         000000
intlevel3                   text         000000
isa$std                     (abs)        000001
isa$xinst                   (abs)        000000
labs@a                      cstackCOMRAM 000001
memcpy@d                    cstackCOMRAM 000007
memcpy@d1                   cstackCOMRAM 000001
memcpy@n                    cstackCOMRAM 000005
memcpy@s                    cstackCOMRAM 000009
memcpy@s1                   cstackCOMRAM 000003
memcpy@tmp                  cstackCOMRAM 00000B
pad@buf                     cstackCOMRAM 000010
pad@fp                      cstackCOMRAM 00000F
pad@i                       cstackCOMRAM 000015
pad@p                       cstackCOMRAM 000012
read_prec_or_width@ap       cstackCOMRAM 000002
read_prec_or_width@c        cstackCOMRAM 000005
read_prec_or_width@fmt      cstackCOMRAM 000001
read_prec_or_width@n        cstackCOMRAM 000006
sprintf@ap                  cstackCOMRAM 00004A
sprintf@f                   cstackCOMRAM 00004B
sprintf@fmt                 cstackBANK0  00008D
sprintf@s                   cstackBANK0  00008C
stackhi                     (abs)        000000
stacklo                     (abs)        000000
start                       init         01FFFC
start_initialization        cinit        006092
strcat@dest                 cstackCOMRAM 000001
strcat@i                    cstackCOMRAM 000003
strcat@src                  cstackCOMRAM 000002
strcpy@d                    cstackCOMRAM 000005
strcpy@dest                 cstackCOMRAM 000001
strcpy@src                  cstackCOMRAM 000003
vfpfcnvrt@ap                cstackCOMRAM 00003E
vfpfcnvrt@c                 cstackCOMRAM 000044
vfpfcnvrt@convarg           cstackCOMRAM 000040
vfpfcnvrt@cp                cstackCOMRAM 000045
vfpfcnvrt@fmt               cstackCOMRAM 00003D
vfpfcnvrt@fp                cstackCOMRAM 00003C
vfprintf@ap                 cstackCOMRAM 000048
vfprintf@cfmt               cstackCOMRAM 000049
vfprintf@fmt                cstackCOMRAM 000047
vfprintf@fp                 cstackCOMRAM 000046


MODULE INFORMATION

Module		Function		Class		Link	Load	Size
C:\Program Files\Microchip\xc8\v3.00\pic\sources\c99\common\flge.c
		___flge        		CODE           	55B2	0000	260

C:\Program Files\Microchip\xc8\v3.00\pic\sources\c99\common\flge.c estimated size: 260

C:\Program Files\Microchip\xc8\v3.00\pic\sources\c99\common\abs.c
		_abs           		CODE           	605E	0000	52

C:\Program Files\Microchip\xc8\v3.00\pic\sources\c99\common\abs.c estimated size: 52

C:\Program Files\Microchip\xc8\v3.00\pic\sources\c99\common\nf_fputc.c
		_fputc         		CODE           	59DC	0000	172

C:\Program Files\Microchip\xc8\v3.00\pic\sources\c99\common\nf_fputc.c estimated size: 172

./init.h
		_LCD_Init      		CODE           	6028	0000	54
		_ADC_Init      		CODE           	60BC	0000	40

./init.h estimated size: 94

C:\Program Files\Microchip\xc8\v3.00\pic\sources\c99\common\memcpy.c
		_memcpy        		CODE           	5D70	0000	90

C:\Program Files\Microchip\xc8\v3.00\pic\sources\c99\common\memcpy.c estimated size: 90

C:\Program Files\Microchip\xc8\v3.00\pic\sources\c99\common\flneg.c
		___flneg       		CODE           	5FBA	0000	56

C:\Program Files\Microchip\xc8\v3.00\pic\sources\c99\common\flneg.c estimated size: 56

C:\Program Files\Microchip\xc8\v3.00\pic\sources\c99\common\__fpclassifyf.c
		___fpclassifyf 		CODE           	56B6	0000	254

C:\Program Files\Microchip\xc8\v3.00\pic\sources\c99\common\__fpclassifyf.c estimated size: 254

C:\Program Files\Microchip\xc8\v3.00\pic\sources\c99\common\nf_sprintf.c
		_sprintf       		CODE           	5FF2	0000	54

C:\Program Files\Microchip\xc8\v3.00\pic\sources\c99\common\nf_sprintf.c estimated size: 54

C:\Program Files\Microchip\xc8\v3.00\pic\sources\c99\common\rand.c
		_rand          		CODE           	5C36	0000	110

C:\Program Files\Microchip\xc8\v3.00\pic\sources\c99\common\rand.c estimated size: 110

C:\Program Files\Microchip\xc8\v3.00\pic\sources\c99\common\awmod.c
		___awmod       		CODE           	592E	0000	174

C:\Program Files\Microchip\xc8\v3.00\pic\sources\c99\common\awmod.c estimated size: 174

C:\Program Files\Microchip\xc8\v3.00\pic\sources\c99\common\floorf.c
		_floorf        		CODE           	4F6C	0000	530

C:\Program Files\Microchip\xc8\v3.00\pic\sources\c99\common\floorf.c estimated size: 530

C:\Program Files\Microchip\xc8\v3.00\pic\sources\c99\common\putch.c
		_putch         		CODE           	6128	0000	2

C:\Program Files\Microchip\xc8\v3.00\pic\sources\c99\common\putch.c estimated size: 2

C:\Program Files\Microchip\xc8\v3.00\pic\sources\c99\common\fleq.c
		___fleq        		CODE           	5A88	0000	170

C:\Program Files\Microchip\xc8\v3.00\pic\sources\c99\common\fleq.c estimated size: 170

C:\Program Files\Microchip\xc8\v3.00\pic\sources\c99\common\sprcmul.c
		___flmul       		CODE           	44CC	0000	1098

C:\Program Files\Microchip\xc8\v3.00\pic\sources\c99\common\sprcmul.c estimated size: 1098

./functions.h
		_LCD_String    		CODE           	5BC4	0000	114
		_LCD_Command   		CODE           	6102	0000	30
		_LCD_String_xy 		CODE           	5F7A	0000	64
		_LCD_Char      		CODE           	60E4	0000	30
		_LCD_Clear     		CODE           	6120	0000	8
		_MSdelay       		CODE           	5E20	0000	74

./functions.h estimated size: 320

C:\Program Files\Microchip\xc8\v3.00\pic\sources\c99\common\Umul32.c
		___lmul        		CODE           	5CA4	0000	106

C:\Program Files\Microchip\xc8\v3.00\pic\sources\c99\common\Umul32.c estimated size: 106

C:\Program Files\Microchip\xc8\v3.00\pic\sources\c99\common\strcat.c
		_strcat        		CODE           	5D0E	0000	98

C:\Program Files\Microchip\xc8\v3.00\pic\sources\c99\common\strcat.c estimated size: 98

C:\Program Files\Microchip\xc8\v3.00\pic\sources\c99\common\sprcdiv.c
		___fldiv       		CODE           	4916	0000	912

C:\Program Files\Microchip\xc8\v3.00\pic\sources\c99\common\sprcdiv.c estimated size: 912

shared
		__initialization		CODE           	6092	0000	36

shared estimated size: 36

C:\Program Files\Microchip\xc8\v3.00\pic\sources\c99\common\xxtofl.c
		___xxtofl      		CODE           	517E	0000	436

C:\Program Files\Microchip\xc8\v3.00\pic\sources\c99\common\xxtofl.c estimated size: 436

C:\Program Files\Microchip\xc8\v3.00\pic\sources\c99\common\nf_fputs.c
		_fputs         		CODE           	5F3A	0000	64

C:\Program Files\Microchip\xc8\v3.00\pic\sources\c99\common\nf_fputs.c estimated size: 64

C:\Program Files\Microchip\xc8\v3.00\pic\sources\c99\common\strcpy.c
		_strcpy        		CODE           	5E6A	0000	70

C:\Program Files\Microchip\xc8\v3.00\pic\sources\c99\common\strcpy.c estimated size: 70

310FinalP.c
		_main          		CODE           	20C0	0000	5488

310FinalP.c estimated size: 5488

C:\Program Files\Microchip\xc8\v3.00\pic\sources\c99\common\awdiv.c
		___awdiv       		CODE           	57B4	0000	194

C:\Program Files\Microchip\xc8\v3.00\pic\sources\c99\common\awdiv.c estimated size: 194

C:\Program Files\Microchip\xc8\v3.00\pic\sources\c99\common\fltol.c
		___fltol       		CODE           	54AC	0000	262

C:\Program Files\Microchip\xc8\v3.00\pic\sources\c99\common\fltol.c estimated size: 262

C:\Program Files\Microchip\xc8\v3.00\pic\sources\c99\common\labs.c
		_labs          		CODE           	5DCA	0000	86

C:\Program Files\Microchip\xc8\v3.00\pic\sources\c99\common\labs.c estimated size: 86

C:\Program Files\Microchip\xc8\v3.00\pic\sources\c99\common\doprnt.c
		_read_prec_or_width		CODE           	5876	0000	184
		_vfpfcnvrt     		CODE           	4CA6	0000	710
		_efgtoa        		CODE           	3630	0000	2534
		_pad           		CODE           	5B32	0000	146
		_dtoa          		CODE           	5332	0000	378
		_vfprintf      		CODE           	5EF6	0000	68

C:\Program Files\Microchip\xc8\v3.00\pic\sources\c99\common\doprnt.c estimated size: 4020

C:\Program Files\Microchip\xc8\v3.00\pic\sources\c99\common\sprcadd.c
		___flsub       		CODE           	5EB0	0000	70
		___fladd       		CODE           	4016	0000	1206

C:\Program Files\Microchip\xc8\v3.00\pic\sources\c99\common\sprcadd.c estimated size: 1276

